// Jest Snapshot v1, https://goo.gl/fbAQLP

exports[`Mapping Wizard integration test should mount the MappingWizardClusterStep with mapStateToProps reduced 1`] = `
Object {
  "enableReinitialize": true,
  "fetchSourceClustersAction": [Function],
  "fetchSourceClustersUrl": "/api/dummyProviders",
  "fetchTargetClustersAction": [Function],
  "fetchTargetComputeUrls": Object {
    "openstack": "/api/dummy",
    "rhevm": "/api/dummy",
  },
  "initialValues": Object {
    "clusterMappings": Array [],
  },
  "isFetchingSourceClusters": true,
  "isFetchingTargetClusters": true,
  "isRejectedSourceClusters": false,
  "isRejectedTargetClusters": false,
  "keepDirtyOnReinitialize": true,
  "queryHostsAction": [Function],
  "sourceClusters": Array [],
  "targetClusters": Array [],
  "targetProvider": "rhevm",
}
`;
